******************************************************************************
               TMS320C6x Linker Unix v7.2.4                    
******************************************************************************
>> Linked Thu Mar 13 17:32:59 2014

OUTPUT FILE NAME:   <bin/demo_loopback.out>
ENTRY POINT SYMBOL: "_c_int00"  address: 0c000000


MEMORY CONFIGURATION

         name            origin    length      used     unused   attr    fill
----------------------  --------  ---------  --------  --------  ----  --------
  L2SRAM_BOOTCFG        00800000   00000100  00000010  000000f0  RW X
  L2SRAM                00800100   0007ff00  000037e4  0007c71c  RW X
  MSMCSRAM1             0c000000   00000100  00000080  00000080  RW X
  MSMCSRAM              0c000100   003fff00  0000d1c0  003f2d40  RW X
  DDR3                  80000000   0f000000  04000000  0b000000  RWIX
  DDR3_MAILBOX_RESERVED 8f000000   00008000  00008000  00000000  RW  
  DDR3_PCIE_RESERVED1   90000000   08000000  00000000  08000000  RW  
  DDR3_PCIE_RESERVED2   98000000   08000000  00000000  08000000  RW  


SEGMENT ALLOCATION MAP

run origin  load origin   length   init length attrs members
----------  ----------- ---------- ----------- ----- -------
00800000    00800000    00000010   00000000    rw-
  00800000    00800000    00000010   00000000    rw- .boot_config
00800100    00800100    00003318   00001318    rw-
  00800100    00800100    00001318   00001318    rw- platform_lib
  00801418    00801418    00001000   00000000    rw- .stack
  00802418    00802418    00001000   00000000    rw- .sysmem
00803420    00803420    000001dc   000001dc    rw-
  00803420    00803420    000001dc   000001dc    rw- .fardata
00803600    00803600    000000d8   00000000    rw-
  00803600    00803600    000000d8   00000000    rw- .far.1
008036e0    008036e0    00000210   00000000    rw-
  008036e0    008036e0    000000e4   00000000    rw- .far.2
  008037c4    008037c4    00000120   00000000    rw- .cio
  008038e4    008038e4    0000000c   00000000    rw- .bss
008038f0    008038f0    00000008   00000008    rw-
  008038f0    008038f0    00000008   00000008    rw- .neardata
0c000000    0c000000    00000080   00000080    r-x
  0c000000    0c000000    00000080   00000080    r-x .text:_c_int00
0c000100    0c000100    0000cec8   0000cec8    r-x
  0c000100    0c000100    0000cd40   0000cd40    r-x .text
  0c00ce40    0c00ce40    00000188   00000188    r-- .const.1
0c00cfd0    0c00cfd0    000002f8   000002f8    r--
  0c00cfd0    0c00cfd0    00000158   00000158    r-- .const.2
  0c00d128    0c00d128    000001a0   000001a0    r-- .cinit
80000000    80000000    04000000   00000000    rw-
  80000000    80000000    04000000   00000000    rw- .process_buf
8f000000    8f000000    00008000   00000000    rw-
  8f000000    8f000000    00004000   00000000    rw- .dsp2hostmailbox
  8f004000    8f004000    00004000   00000000    rw- .host2dspmailbox


SECTION ALLOCATION MAP

 output                                  attributes/
section   page    origin      length       input sections
--------  ----  ----------  ----------   ----------------
.init_array 
*          0    00800100    00000000     UNINITIALIZED

.boot_config 
*          0    00800000    00000010     UNINITIALIZED
                  00800000    00000010     demo_loopback.obj (.boot_config)

platform_lib 
*          0    00800100    00001318     
                  00800100    00001000     ti.platform.evm6678l.lite.lib : platform.obj (platform_lib:uninit) [fill = 0]
                  00801100    00000210                                   : evm66x_nand.obj (platform_lib) [fill = 0]
                  00801310    00000108                                   : platform.obj (platform_lib:init)

.stack     0    00801418    00001000     UNINITIALIZED
                  00801418    00000008     rts6600_elf.lib : boot.obj (.stack)
                  00801420    00000ff8     --HOLE--

.sysmem    0    00802418    00001000     UNINITIALIZED
                  00802418    00000008     rts6600_elf.lib : memory.obj (.sysmem)
                  00802420    00000ff8     --HOLE--

.fardata   0    00803420    000001dc     
                  00803420    000000f0     rts6600_elf.lib : defs.obj (.fardata:_ftable)
                  00803510    00000078                     : lowlev.obj (.fardata:_device)
                  00803588    00000008                     : _lock.obj (.fardata)
                  00803590    00000050                     : lowlev.obj (.fardata:_stream)
                  008035e0    0000000c                     : exit.obj (.fardata)
                  008035ec    0000000c                     : memory.obj (.fardata)
                  008035f8    00000004                     : defs.obj (.fardata)

.far.1     0    00803600    000000d8     UNINITIALIZED
                  00803600    000000d8     rts6600_elf.lib : trgdrv.obj (.far)

.far.2     0    008036e0    000000e4     UNINITIALIZED
                  008036e0    000000a0     rts6600_elf.lib : defs.obj (.far)
                  00803780    00000044     ti.platform.evm6678l.lite.lib : evmc66x_i2c_eeprom.obj (.far)

.cio       0    008037c4    00000120     UNINITIALIZED
                  008037c4    00000120     rts6600_elf.lib : trgmsg.obj (.cio)

.bss       0    008038e4    0000000c     UNINITIALIZED
                  008038e4    00000008     demo_loopback.obj (.bss)
                  008038ec    00000004     ti.platform.evm6678l.lite.lib : evmc66x_spi.obj (.bss)

.neardata 
*          0    008038f0    00000008     
                  008038f0    00000008     ti.platform.evm6678l.lite.lib : platform.obj (.neardata)

.rodata    0    008038f8    00000000     UNINITIALIZED

.text:_c_int00 
*          0    0c000000    00000080     
                  0c000000    00000080     rts6600_elf.lib : boot.obj (.text:_c_int00)

.text      0    0c000100    0000cd40     
                  0c000100    00001b40     ti.platform.evm6678l.lite.lib : evmc6678.obj (.text)
                  0c001c40    00001300                                   : platform.obj (.text)
                  0c002f40    00000d80                                   : evmc66x_i2c_eeprom.obj (.text)
                  0c003cc0    00000cc0                                   : evm66x_nand.obj (.text)
                  0c004980    00000880     mailBox.obj (.text)
                  0c005200    000005e0     rts6600_elf.lib : divd.obj (.text:__c6xabi_divd)
                  0c0057e0    000005c0                     : _printfi.obj (.text:_getarg_diouxp)
                  0c005da0    000005a0     ti.platform.evm6678l.lite.lib : evmc66x_spi.obj (.text)
                  0c006340    00000560                                   : evmc6678_phy.obj (.text)
                  0c0068a0    000004c0                                   : evmc66x_fpga.obj (.text)
                  0c006d60    000004a0     rts6600_elf.lib : _printfi.obj (.text:_setfield)
                  0c007200    00000480                     : _printfi.obj (.text:_printfi)
                  0c007680    00000380     main.obj (.text)
                  0c007a00    00000320     demo_loopback.obj (.text)
                  0c007d20    00000320     ti.platform.evm6678l.lite.lib : evmc66x_uart.obj (.text)
                  0c008040    00000300     rts6600_elf.lib : fputs.obj (.text:fputs)
                  0c008340    000002e0                     : _printfi.obj (.text:_pproc_fwp)
                  0c008620    000002c0                     : _printfi.obj (.text:_pproc_fge)
                  0c0088e0    000002a0                     : _printfi.obj (.text:fcvt)
                  0c008b80    00000280                     : _printfi.obj (.text:ecvt)
                  0c008e00    00000280                     : memory.obj (.text:free)
                  0c009080    00000240                     : imath64.obj (.text:__c6xabi_divull)
                  0c0092c0    00000240                     : _printfi.obj (.text:_pconv_e)
                  0c009500    00000220                     : _printfi.obj (.text:_pproc_diouxp)
                  0c009720    00000220                     : _printfi.obj (.text:_pproc_str)
                  0c009940    00000200                     : _printfi.obj (.text:_pconv_g)
                  0c009b40    000001c0                     : _printfi.obj (.text:_mcpy)
                  0c009d00    000001a0                     : trgdrv.obj (.text:HOSTrename)
                  0c009ea0    000001a0                     : imath40.obj (.text:__c6xabi_divul)
                  0c00a040    000001a0                     : memory.obj (.text:malloc)
                  0c00a1e0    000001a0                     : setvbuf.obj (.text:setvbuf)
                  0c00a380    000001a0     ti.platform.evm6678l.lite.lib : evmc66x_nor.obj (.text)
                  0c00a520    00000180     rts6600_elf.lib : copy_decompress_rle.obj (.text:__TI_decompress_rle_core)
                  0c00a6a0    00000180                     : autoinit.obj (.text:_auto_init_elf)
                  0c00a820    00000160                     : frcmpyd_div.obj (.text:__c6xabi_frcmpyd_div)
                  0c00a980    00000140                     : _printfi.obj (.text:_pproc_fflags)
                  0c00aac0    00000140                     : fputc.obj (.text:fputc)
                  0c00ac00    00000140                     : lowlev.obj (.text:getdevice)
                  0c00ad40    00000120                     : _printfi.obj (.text:_ltostr)
                  0c00ae60    00000120                     : fclose.obj (.text:fclose)
                  0c00af80    00000100                     : trgdrv.obj (.text:HOSTlseek)
                  0c00b080    00000100                     : _io_perm.obj (.text:_wrt_ok)
                  0c00b180    00000100                     : cpy_tbl.obj (.text:copy_in)
                  0c00b280    000000e0                     : trgdrv.obj (.text:HOSTopen)
                  0c00b360    000000e0                     : divi.obj (.text:__divi)
                  0c00b440    000000e0                     : _printfi.obj (.text:_div)
                  0c00b520    000000e0                     : atoi.obj (.text:atoi)
                  0c00b600    000000e0                     : lowlev.obj (.text:close)
                  0c00b6e0    000000e0                     : copy_zero_init.obj (.text:decompress:ZI:__TI_zero_init)
                  0c00b7c0    000000e0                     : exit.obj (.text:exit)
                  0c00b8a0    000000e0                     : memset.obj (.text:memset)
                  0c00b980    000000c0                     : trgdrv.obj (.text:HOSTread)
                  0c00ba40    000000c0                     : trgdrv.obj (.text:HOSTunlink)
                  0c00bb00    000000c0                     : trgdrv.obj (.text:HOSTwrite)
                  0c00bbc0    000000c0                     : divu.obj (.text:__divu)
                  0c00bc80    000000c0                     : fopen.obj (.text:_cleanup)
                  0c00bd40    000000c0                     : fflush.obj (.text:_doflush)
                  0c00be00    000000c0                     : fseek.obj (.text:fseek)
                  0c00bec0    000000c0                     : lowlev.obj (.text:lseek)
                  0c00bf80    000000c0                     : ltoa.obj (.text:ltoa)
                  0c00c040    000000c0                     : lowlev.obj (.text:write)
                  0c00c100    000000a0                     : trgdrv.obj (.text:HOSTclose)
                  0c00c1a0    000000a0                     : remu.obj (.text:__remu)
                  0c00c240    000000a0                     : _printfi.obj (.text:_ecpy)
                  0c00c2e0    000000a0                     : _printfi.obj (.text:_fcpy)
                  0c00c380    000000a0                     : _printfi.obj (.text:_pconv_f)
                  0c00c420    000000a0                     : lowlev.obj (.text:finddevice)
                  0c00c4c0    000000a0     mailBox_c66x.obj (.text)
                  0c00c560    000000a0     rts6600_elf.lib : memcpy64.obj (.text:memcpy)
                  0c00c600    000000a0                     : memory.obj (.text:minsert)
                  0c00c6a0    000000a0                     : memory.obj (.text:mremove)
                  0c00c740    00000080                     : llshift.obj (.text:__c6xabi_llshl)
                  0c00c7c0    00000080                     : memory.obj (.text:_minit)
                  0c00c840    00000080                     : printf.obj (.text:printf)
                  0c00c8c0    00000080                     : trgmsg.obj (.text:readmsg)
                  0c00c940    00000080                     : strncpy.obj (.text:strncpy)
                  0c00c9c0    00000080     ti.platform.evm6678l.lite.lib : evm66x_i2c.obj (.text)
                  0c00ca40    00000080     rts6600_elf.lib : lowlev.obj (.text:unlink)
                  0c00cac0    00000060                     : llshift.obj (.text:__c6xabi_llshru)
                  0c00cb20    00000060                     : imath64.obj (.text:_subcull)
                  0c00cb80    00000060                     : memccpy.obj (.text:memccpy)
                  0c00cbe0    00000060                     : trgmsg.obj (.text:writemsg)
                  0c00cc40    00000040                     : isinf.obj (.text:__c6xabi_isinf)
                  0c00cc80    00000040                     : _printfi.obj (.text:__c6xabi_isnan)
                  0c00ccc0    00000040                     : divd.obj (.text:__c6xabi_isnan)
                  0c00cd00    00000040                     : args_main.obj (.text:_args_main)
                  0c00cd40    00000020                     : negll.obj (.text:__c6xabi_negll)
                  0c00cd60    00000020                     : tdeh_init.obj (.text:__tdeh_init)
                  0c00cd80    00000020                     : _lock.obj (.text:_nop)
                  0c00cda0    00000020                     : printf.obj (.text:_outc)
                  0c00cdc0    00000020                     : printf.obj (.text:_outs)
                  0c00cde0    00000020                     : exit.obj (.text:abort)
                  0c00ce00    00000020                     : copy_decompress_none.obj (.text:decompress:none:__TI_decompress_none)
                  0c00ce20    00000020                     : copy_decompress_rle.obj (.text:decompress:rle24:__TI_decompress_rle24)

.const.1   0    0c00ce40    00000188     
                  0c00ce40    00000188     demo_loopback.obj (.const:.string)

.const.2   0    0c00cfd0    00000158     
                  0c00cfd0    00000101     rts6600_elf.lib : ctype.obj (.const:_ctypes_)
                  0c00d0d1    00000023                     : _printfi.obj (.const:.string)
                  0c00d0f4    0000001c     ti.platform.evm6678l.lite.lib : platform.obj (.const:.string)
                  0c00d110    0000000a                                   : evm66x_nand.obj (.const:.string:$P$T0$1)
                  0c00d11a    00000006     --HOLE-- [fill = 0]
                  0c00d120    00000008     rts6600_elf.lib : divd.obj (.const:initial_approx$1)

.cinit     0    0c00d128    000001a0     
                  0c00d128    0000009f     (.cinit.platform_lib.load) [load image, compression = rle]
                  0c00d1c7    00000001     --HOLE-- [fill = 0]
                  0c00d1c8    0000006f     (.cinit..fardata.load) [load image, compression = rle]
                  0c00d237    00000001     --HOLE-- [fill = 0]
                  0c00d238    0000000c     (__TI_handler_table)
                  0c00d244    00000009     (.cinit..neardata.load) [load image, compression = rle]
                  0c00d24d    00000003     --HOLE-- [fill = 0]
                  0c00d250    00000008     (.cinit..bss.load) [load image, compression = zero_init]
                  0c00d258    00000008     (.cinit..dsp2hostmailbox.load) [load image, compression = zero_init]
                  0c00d260    00000008     (.cinit..far.1.load) [load image, compression = zero_init]
                  0c00d268    00000008     (.cinit..far.2.load) [load image, compression = zero_init]
                  0c00d270    00000008     (.cinit..host2dspmailbox.load) [load image, compression = zero_init]
                  0c00d278    00000008     (.cinit..process_buf.load) [load image, compression = zero_init]
                  0c00d280    00000048     (__TI_cinit_table)

.process_buf 
*          0    80000000    04000000     UNINITIALIZED
                  80000000    04000000     demo_loopback.obj (.process_buf)

.dsp2hostmailbox 
*          0    8f000000    00004000     UNINITIALIZED
                  8f000000    00004000     demo_loopback.obj (.dsp2hostmailbox)

.host2dspmailbox 
*          0    8f004000    00004000     UNINITIALIZED
                  8f004000    00004000     demo_loopback.obj (.host2dspmailbox)


LINKER GENERATED COPY TABLES

__TI_cinit_table @ 0c00d280 records: 9, size/record: 8, table size: 72
	platform_lib: load addr=0c00d128, load size=0000009f bytes, run addr=00800100, run size=00001318 bytes, compression=rle
	.fardata: load addr=0c00d1c8, load size=0000006f bytes, run addr=00803420, run size=000001dc bytes, compression=rle
	.neardata: load addr=0c00d244, load size=00000009 bytes, run addr=008038f0, run size=00000008 bytes, compression=rle
	.bss: load addr=0c00d250, load size=00000008 bytes, run addr=008038e4, run size=0000000c bytes, compression=zero_init
	.dsp2hostmailbox: load addr=0c00d258, load size=00000008 bytes, run addr=8f000000, run size=00004000 bytes, compression=zero_init
	.far.1: load addr=0c00d260, load size=00000008 bytes, run addr=00803600, run size=000000d8 bytes, compression=zero_init
	.far.2: load addr=0c00d268, load size=00000008 bytes, run addr=008036e0, run size=000000e4 bytes, compression=zero_init
	.host2dspmailbox: load addr=0c00d270, load size=00000008 bytes, run addr=8f004000, run size=00004000 bytes, compression=zero_init
	.process_buf: load addr=0c00d278, load size=00000008 bytes, run addr=80000000, run size=04000000 bytes, compression=zero_init


LINKER GENERATED HANDLER TABLE

__TI_handler_table @ 0c00d238 records: 3, size/record: 4, table size: 12
	index: 0, handler: __TI_decompress_rle24
	index: 1, handler: __TI_decompress_none
	index: 2, handler: __TI_zero_init


GLOBAL SYMBOLS: SORTED ALPHABETICALLY BY Name 

address    name
--------   ----
0c00cde0   C$$EXIT
0c00cc38   C$$IO$$
0c001314   CorePllcGetHwSetup
0c0010b8   CorePllcHwSetup
0c001854   DDR3Init
0c00c100   HOSTclose
0c00af80   HOSTlseek
0c00b280   HOSTopen
0c00b980   HOSTread
0c009d00   HOSTrename
0c00ba40   HOSTunlink
0c00bb00   HOSTwrite
0c0067b8   Init_SGMII
0c004860   NandGetDetails
0c0043ec   NandReadSpareArea
0c0015f4   PowerUpDomains
0c001690   SetDDR3PllConfig
0c001400   SetPaPllConfig
0c007d20   UartInit
0c007fec   UartIsDataReady
0c007ef0   UartReadBaudRate
0c007f60   UartReadData
0c007e78   UartSetBaudRate
0c007f8c   UartWriteData
008037c4   __CIOBUF_
0c00d280   __TI_CINIT_Base
0c00d2c8   __TI_CINIT_Limit
0c00d238   __TI_Handler_Table_Base
0c00d244   __TI_Handler_Table_Limit
00802418   __TI_STACK_END
00001000   __TI_STACK_SIZE
008038e4   __TI_STATIC_BASE
00001000   __TI_SYSMEM_SIZE
00000001   __TI_args_main
0c00ce00   __TI_decompress_none
0c00ce20   __TI_decompress_rle24
008035e8   __TI_enable_exit_profile_output
ffffffff   __TI_pprof_out_hndl
ffffffff   __TI_prof_data_size
ffffffff   __TI_prof_data_start
0c00b6e0   __TI_zero_init
ffffffff   __binit__
0c005200   __c6xabi_divd
0c00b360   __c6xabi_divi
0c00bbc0   __c6xabi_divu
0c009ea0   __c6xabi_divul
0c009080   __c6xabi_divull
0c00a820   __c6xabi_frcmpyd_div
0c00cc40   __c6xabi_isinf
0c00c740   __c6xabi_llshl
0c00cac0   __c6xabi_llshru
0c00cd40   __c6xabi_negll
0c00c1a0   __c6xabi_remu
ffffffff   __c_args__
0c00b360   __divi
0c00bbc0   __divu
0c00c1a0   __remu
0c00cd60   __tdeh_init
0c00cd00   _args_main
0c00a6a0   _auto_init_elf
0c000000   _c_int00
0c00bc80   _cleanup
008035e0   _cleanup_ptr
0c00cfd0   _ctypes_
0c00bd40   _doflush
008035e4   _dtors_ptr
008035f8   _ft_end
00803420   _ftable
00803588   _lock
0c00c7c0   _minit
0c00cd80   _nop
0c007200   _printfi
00801418   _stack
0c00cb20   _subcull
00802418   _sys_memory
008036e0   _tmpnams
0080358c   _unlock
0c00b080   _wrt_ok
0c00cde0   abort
0c00b520   atoi
ffffffff   binit
00800000   boot_config
0c00b600   close
0c006740   configSerdes
0c00b180   copy_in
0c0076a8   demo_disableCache
0c007aa8   demo_loopback_test
0c007a58   demo_loopback_test_assert
0c007a00   demo_loopback_test_getDspId
8f000000   dsp2hostmailbox
0c00c4c0   dsp_memory_read
0c00c4f4   dsp_memory_write
00801410   emac_port_mode
0c00c9c0   evmI2CInit
0c00b7c0   exit
0c00ae60   fclose
0c006938   fpgaControlUserLEDs
0c006b0c   fpgaDisableEepromWriteProtect
0c0069f8   fpgaDisableNandWriteProtect
0c006a84   fpgaDisableNorWriteProtect
0c006b50   fpgaEnableEepromWriteProtect
0c006a40   fpgaEnableNandWriteProtect
0c006ac8   fpgaEnableNorWriteProtect
0c006be0   fpgaGetAMCDetect
0c006b94   fpgaGetUserSwitch
0c006cd0   fpgaReadConfigurationRegister
0c006c24   fpgaWriteConfigurationRegister
0c00aac0   fputc
0c008040   fputs
0c008e00   free
0c00be00   fseek
0080139c   gDeviceEeprom0
008013d4   gDeviceEeprom1
0080132c   gDeviceNand
00800100   gDeviceNandBBlist
00801364   gDeviceNor
00803780   gI2cBlock
0c0068a0   getBoardVersion
0c0068ec   getFpgaDevID
8f004000   host2dspmailbox
0c003960   i2cEepromMacRead
0c0036c8   i2cEepromMacWrite
0c00324c   i2cEepromRead
0c003450   i2cEepromWrite
0c002f84   i2cEepromWriteBlock
0c003570   i2cEepromWriteByteAddr
008038e4   local_dsp_id
008038e8   local_node_id
0c00bec0   lseek
0c00bf80   ltoa
0c0049d8   mailBoxGetHeader
0c004b54   mailBoxGetPayload
0c004a80   mailBoxGetSlotHeader
0c00c52c   mailBoxNotify
0c004980   mailBoxPutHeader
0c004bd4   mailBoxPutPayload
0c004aec   mailBoxPutSlotHeader
0c004a2c   mailBoxPutWriteIndex
0c004c4c   mailBox_allocSlot
0c004eac   mailBox_create
0c004cb4   mailBox_freeSlot
0c004e70   mailBox_get_alloc_size
0c004e74   mailBox_get_mem_size
0c00c538   mailBox_loc_init
0c005024   mailBox_open
0c005130   mailBox_query
0c0050c4   mailBox_read
0c004d98   mailBox_recvSlot
0c004df0   mailBox_sendSlot
0c00506c   mailBox_write
0c00796c   main
0c00a040   malloc
0c00cb80   memccpy
0c00c560   memcpy
0c00b8a0   memset
0c004964   nandInit
0c00a380   nor_get_details
0c00a40c   nor_init
0c00a484   nor_read
0c002d8c   platform_blocknpage_to_offset
0c002708   platform_delay
0c002768   platform_delaycycles
0c0029ac   platform_device_close
0c002f18   platform_device_erase_block
0c002828   platform_device_open
0c002b0c   platform_device_read
0c002a44   platform_device_read_spare_data
0c002e84   platform_device_write
0c002ae0   platform_device_write_spare_data
008038f0   platform_errno
0c0027a8   platform_external_memory_test
0c0024b4   platform_get_coreid
0c0024c8   platform_get_emac_info
0c001f74   platform_get_info
0c002558   platform_get_macaddr
0c002278   platform_init
008038f4   platform_init_return_code
0c0026c0   platform_led
0c002c64   platform_offset_to_blocknpage
0c0026a4   platform_uart_init
0c0025ec   platform_uart_read
0c002670   platform_uart_set_baudrate
0c002654   platform_uart_write
0c00c840   printf
80000000   process_buf
0c000f54   prog_pll1_values
0c00aac0   putc
0c0044d8   readNandPage
0c00c8c0   readmsg
0c00ca40   remove
0c001e60   serial_num_isvalid
0c00a1e0   setvbuf
0c005dd0   spi_claim
0c0060b4   spi_cmd
0c006118   spi_cmd_read
0c006178   spi_cmd_write
0c0061d8   spi_read_word
0c005f70   spi_release
0c006288   spi_write_word
0c005f80   spi_xfer
0c00c940   strncpy
0c00ca40   unlink
0c00c040   write
0c00cbe0   writemsg
0c001800   xmc_setup


GLOBAL SYMBOLS: SORTED BY Symbol Address 

address    name
--------   ----
00000001   __TI_args_main
00001000   __TI_STACK_SIZE
00001000   __TI_SYSMEM_SIZE
00800000   boot_config
00800100   gDeviceNandBBlist
0080132c   gDeviceNand
00801364   gDeviceNor
0080139c   gDeviceEeprom0
008013d4   gDeviceEeprom1
00801410   emac_port_mode
00801418   _stack
00802418   __TI_STACK_END
00802418   _sys_memory
00803420   _ftable
00803588   _lock
0080358c   _unlock
008035e0   _cleanup_ptr
008035e4   _dtors_ptr
008035e8   __TI_enable_exit_profile_output
008035f8   _ft_end
008036e0   _tmpnams
00803780   gI2cBlock
008037c4   __CIOBUF_
008038e4   __TI_STATIC_BASE
008038e4   local_dsp_id
008038e8   local_node_id
008038f0   platform_errno
008038f4   platform_init_return_code
0c000000   _c_int00
0c000f54   prog_pll1_values
0c0010b8   CorePllcHwSetup
0c001314   CorePllcGetHwSetup
0c001400   SetPaPllConfig
0c0015f4   PowerUpDomains
0c001690   SetDDR3PllConfig
0c001800   xmc_setup
0c001854   DDR3Init
0c001e60   serial_num_isvalid
0c001f74   platform_get_info
0c002278   platform_init
0c0024b4   platform_get_coreid
0c0024c8   platform_get_emac_info
0c002558   platform_get_macaddr
0c0025ec   platform_uart_read
0c002654   platform_uart_write
0c002670   platform_uart_set_baudrate
0c0026a4   platform_uart_init
0c0026c0   platform_led
0c002708   platform_delay
0c002768   platform_delaycycles
0c0027a8   platform_external_memory_test
0c002828   platform_device_open
0c0029ac   platform_device_close
0c002a44   platform_device_read_spare_data
0c002ae0   platform_device_write_spare_data
0c002b0c   platform_device_read
0c002c64   platform_offset_to_blocknpage
0c002d8c   platform_blocknpage_to_offset
0c002e84   platform_device_write
0c002f18   platform_device_erase_block
0c002f84   i2cEepromWriteBlock
0c00324c   i2cEepromRead
0c003450   i2cEepromWrite
0c003570   i2cEepromWriteByteAddr
0c0036c8   i2cEepromMacWrite
0c003960   i2cEepromMacRead
0c0043ec   NandReadSpareArea
0c0044d8   readNandPage
0c004860   NandGetDetails
0c004964   nandInit
0c004980   mailBoxPutHeader
0c0049d8   mailBoxGetHeader
0c004a2c   mailBoxPutWriteIndex
0c004a80   mailBoxGetSlotHeader
0c004aec   mailBoxPutSlotHeader
0c004b54   mailBoxGetPayload
0c004bd4   mailBoxPutPayload
0c004c4c   mailBox_allocSlot
0c004cb4   mailBox_freeSlot
0c004d98   mailBox_recvSlot
0c004df0   mailBox_sendSlot
0c004e70   mailBox_get_alloc_size
0c004e74   mailBox_get_mem_size
0c004eac   mailBox_create
0c005024   mailBox_open
0c00506c   mailBox_write
0c0050c4   mailBox_read
0c005130   mailBox_query
0c005200   __c6xabi_divd
0c005dd0   spi_claim
0c005f70   spi_release
0c005f80   spi_xfer
0c0060b4   spi_cmd
0c006118   spi_cmd_read
0c006178   spi_cmd_write
0c0061d8   spi_read_word
0c006288   spi_write_word
0c006740   configSerdes
0c0067b8   Init_SGMII
0c0068a0   getBoardVersion
0c0068ec   getFpgaDevID
0c006938   fpgaControlUserLEDs
0c0069f8   fpgaDisableNandWriteProtect
0c006a40   fpgaEnableNandWriteProtect
0c006a84   fpgaDisableNorWriteProtect
0c006ac8   fpgaEnableNorWriteProtect
0c006b0c   fpgaDisableEepromWriteProtect
0c006b50   fpgaEnableEepromWriteProtect
0c006b94   fpgaGetUserSwitch
0c006be0   fpgaGetAMCDetect
0c006c24   fpgaWriteConfigurationRegister
0c006cd0   fpgaReadConfigurationRegister
0c007200   _printfi
0c0076a8   demo_disableCache
0c00796c   main
0c007a00   demo_loopback_test_getDspId
0c007a58   demo_loopback_test_assert
0c007aa8   demo_loopback_test
0c007d20   UartInit
0c007e78   UartSetBaudRate
0c007ef0   UartReadBaudRate
0c007f60   UartReadData
0c007f8c   UartWriteData
0c007fec   UartIsDataReady
0c008040   fputs
0c008e00   free
0c009080   __c6xabi_divull
0c009d00   HOSTrename
0c009ea0   __c6xabi_divul
0c00a040   malloc
0c00a1e0   setvbuf
0c00a380   nor_get_details
0c00a40c   nor_init
0c00a484   nor_read
0c00a6a0   _auto_init_elf
0c00a820   __c6xabi_frcmpyd_div
0c00aac0   fputc
0c00aac0   putc
0c00ae60   fclose
0c00af80   HOSTlseek
0c00b080   _wrt_ok
0c00b180   copy_in
0c00b280   HOSTopen
0c00b360   __c6xabi_divi
0c00b360   __divi
0c00b520   atoi
0c00b600   close
0c00b6e0   __TI_zero_init
0c00b7c0   exit
0c00b8a0   memset
0c00b980   HOSTread
0c00ba40   HOSTunlink
0c00bb00   HOSTwrite
0c00bbc0   __c6xabi_divu
0c00bbc0   __divu
0c00bc80   _cleanup
0c00bd40   _doflush
0c00be00   fseek
0c00bec0   lseek
0c00bf80   ltoa
0c00c040   write
0c00c100   HOSTclose
0c00c1a0   __c6xabi_remu
0c00c1a0   __remu
0c00c4c0   dsp_memory_read
0c00c4f4   dsp_memory_write
0c00c52c   mailBoxNotify
0c00c538   mailBox_loc_init
0c00c560   memcpy
0c00c740   __c6xabi_llshl
0c00c7c0   _minit
0c00c840   printf
0c00c8c0   readmsg
0c00c940   strncpy
0c00c9c0   evmI2CInit
0c00ca40   remove
0c00ca40   unlink
0c00cac0   __c6xabi_llshru
0c00cb20   _subcull
0c00cb80   memccpy
0c00cbe0   writemsg
0c00cc38   C$$IO$$
0c00cc40   __c6xabi_isinf
0c00cd00   _args_main
0c00cd40   __c6xabi_negll
0c00cd60   __tdeh_init
0c00cd80   _nop
0c00cde0   C$$EXIT
0c00cde0   abort
0c00ce00   __TI_decompress_none
0c00ce20   __TI_decompress_rle24
0c00cfd0   _ctypes_
0c00d238   __TI_Handler_Table_Base
0c00d244   __TI_Handler_Table_Limit
0c00d280   __TI_CINIT_Base
0c00d2c8   __TI_CINIT_Limit
80000000   process_buf
8f000000   dsp2hostmailbox
8f004000   host2dspmailbox
ffffffff   __TI_pprof_out_hndl
ffffffff   __TI_prof_data_size
ffffffff   __TI_prof_data_start
ffffffff   __binit__
ffffffff   __c_args__
ffffffff   binit

[205 symbols]
