******************************************************************************
               TMS320C6x Linker Unix v7.2.4                    
******************************************************************************
>> Linked Thu Mar 13 17:32:58 2014

OUTPUT FILE NAME:   <bin/dspc8681/init.out>
ENTRY POINT SYMBOL: "_c_int00"  address: 00860000


MEMORY CONFIGURATION

         name            origin    length      used     unused   attr    fill
----------------------  --------  ---------  --------  --------  ----  --------
  L2SRAM_0              00860000   00000100  00000080  00000080  RW X
  L2SRAM_1              00860100   00000300  00000000  00000300  RW X
  L2SRAM                00860400   0000fb00  0000b4ea  00004616  RW X
  L2SRAM_INIT           0086ff00   00000100  00000008  000000f8  RW X
  L1PSRAM               00e00000   00007fff  00000000  00007fff  RW X
  L1DSRAM               00f00000   00007fff  00000000  00007fff  RW X
  MSMCSRAM              0c000000   00200000  00000000  00200000  RW X
  DDR3                  80000000   10000000  00000000  10000000  RW X


SEGMENT ALLOCATION MAP

run origin  load origin   length   init length attrs members
----------  ----------- ---------- ----------- ----- -------
00860000    00860000    00000080   00000080    r-x
  00860000    00860000    00000080   00000080    r-x .text:_c_int00
00860400    00860400    00006080   00006080    r-x
  00860400    00860400    00006080   00006080    r-x .text
00866480    00866480    00004000   00000000    rw-
  00866480    00866480    00004000   00000000    rw- .stack
0086a480    0086a480    00001318   00001318    rw-
  0086a480    0086a480    00001318   00001318    rw- platform_lib
0086b7a0    0086b7a0    0000003a   0000003a    r--
  0086b7a0    0086b7a0    0000003a   0000003a    r-- .const
0086b7dc    0086b7dc    00000020   0000001c    rw-
  0086b7dc    0086b7dc    00000014   00000014    rw- .fardata
  0086b7f0    0086b7f0    00000008   00000008    rw- .neardata
  0086b7f8    0086b7f8    00000004   00000000    rw- .bss
0086b7fc    0086b7fc    000000f8   000000f8    r--
  0086b7fc    0086b7fc    000000f8   000000f8    r-- .cinit
0086ff00    0086ff00    00000008   00000000    rw-
  0086ff00    0086ff00    00000008   00000000    rw- .init_config


SECTION ALLOCATION MAP

 output                                  attributes/
section   page    origin      length       input sections
--------  ----  ----------  ----------   ----------------
.text:_c_int00 
*          0    00860000    00000080     
                  00860000    00000080     rts6600_elf.lib : boot.obj (.text:_c_int00)

.text      0    00860400    00006080     
                  00860400    000009c0     main.obj (.text)
                  00860dc0    00000500     ti.platform.dspc8681.lite.lib : dspc8681.lite.oe66 (.text:DDR3Init)
                  008612c0    00000360                                   : dspc8681.lite.oe66 (.text:CorePllcHwSetup)
                  00861620    00000340                                   : evm66x_nand.lite.oe66 (.text:NandCorrect4bitECC)
                  00861960    00000320                                   : platform.lite.oe66 (.text:platform_init)
                  00861c80    00000300                                   : dspc8681.lite.oe66 (.text:CSL_EMIF4F_SetSDRAMConfig)
                  00861f80    000002e0                                   : evmc66x_i2c_eeprom.lite.oe66 (.text:i2cEepromWriteBlock)
                  00862260    00000220                                   : evm66x_nand.lite.oe66 (.text:readNandPage)
                  00862480    00000200                                   : dspc8681.lite.oe66 (.text:SetPaPllConfig)
                  00862680    00000200                                   : evmc66x_i2c_eeprom.lite.oe66 (.text:i2cEepromRead)
                  00862880    000001c0                                   : evmc66x_spi.lite.oe66 (.text:spi_claim)
                  00862a40    000001a0                                   : dspc8681.lite.oe66 (.text:SetDDR3PllConfig)
                  00862be0    000001a0                                   : platform.lite.oe66 (.text:platform_device_open)
                  00862d80    00000180     rts6600_elf.lib : copy_decompress_rle.obj (.text:__TI_decompress_rle_core)
                  00862f00    00000180                     : autoinit.obj (.text:_auto_init_elf)
                  00863080    00000160     ti.platform.dspc8681.lite.lib : evmc66x_uart.lite.oe66 (.text:UartInit)
                  008631e0    00000160                                   : platform.lite.oe66 (.text:platform_device_read)
                  00863340    00000140                                   : dspc8681.lite.oe66 (.text:CSL_EMIF4F_GetSDRAMConfig)
                  00863480    00000140                                   : dspc8681.lite.oe66 (.text:CSL_EMIF4F_SetTiming1Config)
                  008635c0    00000140                                   : dspc8681.lite.oe66 (.text:CSL_EMIF4F_SetTiming3Config)
                  00863700    00000140                                   : evm66x_nand.lite.oe66 (.text:NandCalculate4bitECC)
                  00863840    00000140                                   : platform.lite.oe66 (.text:platform_offset_to_blocknpage)
                  00863980    00000140                                   : evmc66x_spi.lite.oe66 (.text:spi_xfer)
                  00863ac0    00000120                                   : dspc8681.lite.oe66 (.text:CSL_EMIF4F_SetOutputImpedanceConfig)
                  00863be0    00000120                                   : dspc8681.lite.oe66 (.text:CSL_EMIF4F_SetTiming2Config)
                  00863d00    00000120                                   : dspc8681.lite.oe66 (.text:CSL_XMC_setXMPAXL)
                  00863e20    00000120                                   : evm66x_nand.lite.oe66 (.text:NandGetDetails)
                  00863f40    00000120                                   : evm66x_nand.lite.oe66 (.text:NandReadSpareArea)
                  00864060    00000120                                   : platform.lite.oe66 (.text:platform_memory_test)
                  00864180    00000100                                   : dspc8681.lite.oe66 (.text:CorePllcGetHwSetup)
                  00864280    00000100                                   : dspc8681_phy.lite.oe66 (.text:Init_SGMII)
                  00864380    00000100                                   : evm66x_nand.lite.oe66 (.text:NandConfig)
                  00864480    00000100     rts6600_elf.lib : cpy_tbl.obj (.text:copy_in)
                  00864580    000000e0     ti.platform.dspc8681.lite.lib : dspc8681.lite.oe66 (.text:CSL_EMIF4F_SetPowerMgmtConfig)
                  00864660    000000e0                                   : dspc8681_phy.lite.oe66 (.text:CSL_SGMII_setAdvAbility)
                  00864740    000000e0     rts6600_elf.lib : divi.obj (.text:__divi)
                  00864820    000000e0                     : copy_zero_init.obj (.text:decompress:ZI:__TI_zero_init)
                  00864900    000000e0                     : exit.obj (.text:exit)
                  008649e0    000000e0                     : memset.obj (.text:memset)
                  00864ac0    000000c0     ti.platform.dspc8681.lite.lib : dspc8681_phy.lite.oe66 (.text:CSL_SGMII_getStatus)
                  00864b80    000000c0     rts6600_elf.lib : divu.obj (.text:__divu)
                  00864c40    000000a0     ti.platform.dspc8681.lite.lib : dspc8681.lite.oe66 (.text:CSL_EMIF4F_SetLevelingControlInfo)
                  00864ce0    000000a0                                   : dspc8681.lite.oe66 (.text:CSL_EMIF4F_SetLevelingRampControlInfo)
                  00864d80    000000a0                                   : evm66x_nand.lite.oe66 (.text:NandOpenDevice)
                  00864e20    000000a0                                   : dspc8681.lite.oe66 (.text:PowerUpDomains)
                  00864ec0    000000a0     rts6600_elf.lib : remu.obj (.text:__remu)
                  00864f60    000000a0     ti.platform.dspc8681.lite.lib : dspc8681_phy.lite.oe66 (.text:configSerdes)
                  00865000    000000a0     rts6600_elf.lib : memcpy64.obj (.text:memcpy)
                  008650a0    000000a0     ti.platform.dspc8681.lite.lib : evmc66x_nor.lite.oe66 (.text:nor_get_details)
                  00865140    000000a0                                   : evmc66x_nor.lite.oe66 (.text:nor_read)
                  008651e0    000000a0                                   : platform.lite.oe66 (.text:platform_device_close)
                  00865280    00000080                                   : dspc8681.lite.oe66 (.text:CSL_EMIF4F_SetPhyControl)
                  00865300    00000080                                   : evm66x_nand.lite.oe66 (.text:NandRead4bitECC)
                  00865380    00000080                                   : evmc66x_uart.lite.oe66 (.text:UartSetBaudRate)
                  00865400    00000080                                   : platform.lite.oe66 (.text:ddr_param_read)
                  00865480    00000080                                   : evm66x_i2c.lite.oe66 (.text:evmI2CInit)
                  00865500    00000080                                   : evmc66x_nor.lite.oe66 (.text:nor_init)
                  00865580    00000080                                   : evmc66x_spi.lite.oe66 (.text:spi_cmd)
                  00865600    00000080                                   : evmc66x_spi.lite.oe66 (.text:spi_cmd_read)
                  00865680    00000060                                   : dspc8681_phy.lite.oe66 (.text:CSL_BootCfgSetSGMIIRxConfig)
                  008656e0    00000060                                   : dspc8681_phy.lite.oe66 (.text:CSL_BootCfgSetSGMIITxConfig)
                  00865740    00000060                                   : platform.lite.oe66 (.text:MSMC_enableEDC)
                  008657a0    00000060                                   : evm66x_nand.lite.oe66 (.text:NandReadDataBytes)
                  00865800    00000060                                   : evm66x_nand.lite.oe66 (.text:NandWaitRdy)
                  00865860    00000060                                   : platform.lite.oe66 (.text:enableL1PEDC)
                  008658c0    00000060                                   : platform.lite.oe66 (.text:enableL2EDC)
                  00865920    00000060                                   : evmc66x_i2c_eeprom.lite.oe66 (.text:i2cDelay)
                  00865980    00000060                                   : platform.lite.oe66 (.text:platform_delay)
                  008659e0    00000060                                   : platform.lite.oe66 (.text:platform_get_frequency)
                  00865a40    00000060                                   : dspc8681.lite.oe66 (.text:xmc_setup)
                  00865aa0    00000040                                   : dspc8681.lite.oe66 (.text:CSL_BootCfgGetDDRConfig)
                  00865ae0    00000040                                   : dspc8681.lite.oe66 (.text:CSL_BootCfgSetDDRConfig)
                  00865b20    00000040                                   : dspc8681_phy.lite.oe66 (.text:CSL_BootCfgSetSGMIIConfigPLL)
                  00865b60    00000040                                   : dspc8681.lite.oe66 (.text:CSL_BootCfgUnlockKicker)
                  00865ba0    00000040                                   : dspc8681_phy.lite.oe66 (.text:CSL_BootCfgUnlockKicker)
                  00865be0    00000040                                   : dspc8681.lite.oe66 (.text:CSL_EMIF4F_EnableInitRefresh)
                  00865c20    00000040                                   : dspc8681.lite.oe66 (.text:CSL_EMIF4F_GetPhyControl)
                  00865c60    00000040                                   : dspc8681.lite.oe66 (.text:CSL_EMIF4F_SetRefreshRate)
                  00865ca0    00000040                                   : dspc8681.lite.oe66 (.text:CSL_PSC_enablePowerDomain)
                  00865ce0    00000040                                   : evm66x_nand.lite.oe66 (.text:CSL_PSC_enablePowerDomain)
                  00865d20    00000040                                   : evm66x_nand.lite.oe66 (.text:CSL_PSC_getModuleState)
                  00865d60    00000040                                   : dspc8681.lite.oe66 (.text:CSL_PSC_isStateTransitionDone)
                  00865da0    00000040                                   : evm66x_nand.lite.oe66 (.text:CSL_PSC_isStateTransitionDone)
                  00865de0    00000040                                   : dspc8681.lite.oe66 (.text:CSL_PSC_setModuleNextState)
                  00865e20    00000040                                   : evm66x_nand.lite.oe66 (.text:CSL_PSC_setModuleNextState)
                  00865e60    00000040                                   : dspc8681.lite.oe66 (.text:CSL_PSC_startStateTransition)
                  00865ea0    00000040                                   : evm66x_nand.lite.oe66 (.text:CSL_PSC_startStateTransition)
                  00865ee0    00000040                                   : dspc8681_phy.lite.oe66 (.text:CSL_SGMII_disableMasterMode)
                  00865f20    00000040                                   : dspc8681_phy.lite.oe66 (.text:CSL_SGMII_doSoftReset)
                  00865f60    00000040                                   : dspc8681_phy.lite.oe66 (.text:CSL_SGMII_enableAutoNegotiation)
                  00865fa0    00000040                                   : dspc8681_phy.lite.oe66 (.text:CSL_SGMII_enableMasterMode)
                  00865fe0    00000040                                   : dspc8681_phy.lite.oe66 (.text:CSL_SGMII_endRxTxSoftReset)
                  00866020    00000040                                   : dspc8681_phy.lite.oe66 (.text:CSL_SGMII_getSoftResetStatus)
                  00866060    00000040                                   : dspc8681_phy.lite.oe66 (.text:CSL_SGMII_startRxTxSoftReset)
                  008660a0    00000040                                   : dspc8681.lite.oe66 (.text:CSL_XMC_setXMPAXH)
                  008660e0    00000040                                   : evm66x_nand.lite.oe66 (.text:NandAleSet)
                  00866120    00000040                                   : evm66x_nand.lite.oe66 (.text:NandCmdSet)
                  00866160    00000040                                   : evm66x_nand.lite.oe66 (.text:NandReadDataByte)
                  008661a0    00000040     rts6600_elf.lib : args_main.obj (.text:_args_main)
                  008661e0    00000040     ti.platform.dspc8681.lite.lib : platform.lite.oe66 (.text:platform_delaycycles)
                  00866220    00000040                                   : platform.lite.oe66 (.text:platform_uart_init)
                  00866260    00000040                                   : platform.lite.oe66 (.text:platform_uart_set_baudrate)
                  008662a0    00000040                                   : dspc8681.lite.oe66 (.text:pll_delay)
                  008662e0    00000040                                   : evmc66x_spi.lite.oe66 (.text:spi_delay)
                  00866320    00000020                                   : platform.lite.oe66 (.text:CSL_chipReadTSCL)
                  00866340    00000020                                   : platform.lite.oe66 (.text:CSL_chipWriteTSCL)
                  00866360    00000020     rts6600_elf.lib : tdeh_init.obj (.text:__tdeh_init)
                  00866380    00000020                     : _lock.obj (.text:_nop)
                  008663a0    00000020                     : exit.obj (.text:abort)
                  008663c0    00000020                     : copy_decompress_none.obj (.text:decompress:none:__TI_decompress_none)
                  008663e0    00000020                     : copy_decompress_rle.obj (.text:decompress:rle24:__TI_decompress_rle24)
                  00866400    00000020     ti.platform.dspc8681.lite.lib : platform.lite.oe66 (.text:enableEDCL2EDCEN)
                  00866420    00000020     main.obj (.text:hwWbInvL1DInline)
                  00866440    00000020     ti.platform.dspc8681.lite.lib : evm66x_nand.lite.oe66 (.text:nandInit)
                  00866460    00000020                                   : evmc66x_spi.lite.oe66 (.text:spi_release)

.stack     0    00866480    00004000     UNINITIALIZED
                  00866480    00000008     rts6600_elf.lib : boot.obj (.stack)
                  00866488    00003ff8     --HOLE--

platform_lib 
*          0    0086a480    00001318     
                  0086a480    00001000     ti.platform.dspc8681.lite.lib : platform.lite.oe66 (platform_lib:uninit) [fill = 0]
                  0086b480    00000210                                   : evm66x_nand.lite.oe66 (platform_lib) [fill = 0]
                  0086b690    00000108                                   : platform.lite.oe66 (platform_lib:init)

.const     0    0086b7a0    0000003a     
                  0086b7a0    00000024     ti.platform.dspc8681.lite.lib : platform.lite.oe66 (.const)
                  0086b7c4    0000000c     --HOLE-- [fill = 0]
                  0086b7d0    0000000a                                   : evm66x_nand.lite.oe66 (.const:$P$T0$1)

.fardata   0    0086b7dc    00000014     
                  0086b7dc    0000000c     rts6600_elf.lib : exit.obj (.fardata)
                  0086b7e8    00000008                     : _lock.obj (.fardata)

.neardata 
*          0    0086b7f0    00000008     
                  0086b7f0    00000008     ti.platform.dspc8681.lite.lib : platform.lite.oe66 (.neardata)

.rodata    0    0086b7f8    00000000     UNINITIALIZED

.bss       0    0086b7f8    00000004     UNINITIALIZED
                  0086b7f8    00000004     ti.platform.dspc8681.lite.lib : evmc66x_spi.lite.oe66 (.bss)

.cinit     0    0086b7fc    000000f8     
                  0086b7fc    0000009f     (.cinit.platform_lib.load) [load image, compression = rle]
                  0086b89b    00000001     --HOLE-- [fill = 0]
                  0086b89c    00000015     (.cinit..fardata.load) [load image, compression = rle]
                  0086b8b1    00000003     --HOLE-- [fill = 0]
                  0086b8b4    0000000c     (__TI_handler_table)
                  0086b8c0    00000009     (.cinit..neardata.load) [load image, compression = rle]
                  0086b8c9    00000003     --HOLE-- [fill = 0]
                  0086b8cc    00000008     (.cinit..bss.load) [load image, compression = zero_init]
                  0086b8d4    00000020     (__TI_cinit_table)

.init_config 
*          0    0086ff00    00000008     UNINITIALIZED
                  0086ff00    00000008     main.obj (.init_config)


LINKER GENERATED COPY TABLES

__TI_cinit_table @ 0086b8d4 records: 4, size/record: 8, table size: 32
	platform_lib: load addr=0086b7fc, load size=0000009f bytes, run addr=0086a480, run size=00001318 bytes, compression=rle
	.fardata: load addr=0086b89c, load size=00000015 bytes, run addr=0086b7dc, run size=00000014 bytes, compression=rle
	.neardata: load addr=0086b8c0, load size=00000009 bytes, run addr=0086b7f0, run size=00000008 bytes, compression=rle
	.bss: load addr=0086b8cc, load size=00000008 bytes, run addr=0086b7f8, run size=00000004 bytes, compression=zero_init


LINKER GENERATED HANDLER TABLE

__TI_handler_table @ 0086b8b4 records: 3, size/record: 4, table size: 12
	index: 0, handler: __TI_decompress_rle24
	index: 1, handler: __TI_decompress_none
	index: 2, handler: __TI_zero_init


GLOBAL SYMBOLS: SORTED ALPHABETICALLY BY Name 

address    name
--------   ----
008663a0   C$$EXIT
00864180   CorePllcGetHwSetup
008612c0   CorePllcHwSetup
00860dc0   DDR3Init
00860a98   Init_MAC
00864280   Init_SGMII
00860a18   Init_Switch
00863e20   NandGetDetails
00863f40   NandReadSpareArea
00864e20   PowerUpDomains
00862a40   SetDDR3PllConfig
00862480   SetPaPllConfig
00863080   UartInit
00865380   UartSetBaudRate
0086b8d4   __TI_CINIT_Base
0086b8f4   __TI_CINIT_Limit
0086b8b4   __TI_Handler_Table_Base
0086b8c0   __TI_Handler_Table_Limit
0086a480   __TI_STACK_END
00004000   __TI_STACK_SIZE
0086b7f0   __TI_STATIC_BASE
00000001   __TI_args_main
008663c0   __TI_decompress_none
008663e0   __TI_decompress_rle24
0086b7e4   __TI_enable_exit_profile_output
ffffffff   __TI_pprof_out_hndl
ffffffff   __TI_prof_data_size
ffffffff   __TI_prof_data_start
00864820   __TI_zero_init
ffffffff   __binit__
00864740   __c6xabi_divi
00864b80   __c6xabi_divu
00864ec0   __c6xabi_remu
ffffffff   __c_args__
00864740   __divi
00864b80   __divu
00864ec0   __remu
00866360   __tdeh_init
008661a0   _args_main
00862f00   _auto_init_elf
00860000   _c_int00
0086b7dc   _cleanup_ptr
0086b7e0   _dtors_ptr
0086b7e8   _lock
00866380   _nop
00866480   _stack
0086b7ec   _unlock
008663a0   abort
ffffffff   binit
00864f60   configSerdes
00864480   copy_in
00865400   ddr_param_read
0086b790   emac_port_mode
00865480   evmI2CInit
00864900   exit
0086b71c   gDeviceEeprom0
0086b754   gDeviceEeprom1
0086b6ac   gDeviceNand
0086a480   gDeviceNandBBlist
0086b6e4   gDeviceNor
00860b00   hwIntctlRoute
00866420   hwWbInvL1DInline
00862680   i2cEepromRead
00861f80   i2cEepromWriteBlock
00860bb4   idle_till_wakeup
0086ff00   init_config
00860cb4   main
00865000   memcpy
008649e0   memset
00866440   nandInit
008650a0   nor_get_details
00865500   nor_init
00865140   nor_read
00865980   platform_delay
008661e0   platform_delaycycles
008651e0   platform_device_close
00862be0   platform_device_open
008631e0   platform_device_read
0086b7f0   platform_errno
00861960   platform_init
0086b7f4   platform_init_return_code
00863840   platform_offset_to_blocknpage
00866220   platform_uart_init
00866260   platform_uart_set_baudrate
00862260   readNandPage
00862880   spi_claim
00865580   spi_cmd
00865600   spi_cmd_read
00866460   spi_release
00863980   spi_xfer
008609e0   wait_and_start
00860c50   wait_for_interrupt
00865a40   xmc_setup


GLOBAL SYMBOLS: SORTED BY Symbol Address 

address    name
--------   ----
00000001   __TI_args_main
00004000   __TI_STACK_SIZE
00860000   _c_int00
008609e0   wait_and_start
00860a18   Init_Switch
00860a98   Init_MAC
00860b00   hwIntctlRoute
00860bb4   idle_till_wakeup
00860c50   wait_for_interrupt
00860cb4   main
00860dc0   DDR3Init
008612c0   CorePllcHwSetup
00861960   platform_init
00861f80   i2cEepromWriteBlock
00862260   readNandPage
00862480   SetPaPllConfig
00862680   i2cEepromRead
00862880   spi_claim
00862a40   SetDDR3PllConfig
00862be0   platform_device_open
00862f00   _auto_init_elf
00863080   UartInit
008631e0   platform_device_read
00863840   platform_offset_to_blocknpage
00863980   spi_xfer
00863e20   NandGetDetails
00863f40   NandReadSpareArea
00864180   CorePllcGetHwSetup
00864280   Init_SGMII
00864480   copy_in
00864740   __c6xabi_divi
00864740   __divi
00864820   __TI_zero_init
00864900   exit
008649e0   memset
00864b80   __c6xabi_divu
00864b80   __divu
00864e20   PowerUpDomains
00864ec0   __c6xabi_remu
00864ec0   __remu
00864f60   configSerdes
00865000   memcpy
008650a0   nor_get_details
00865140   nor_read
008651e0   platform_device_close
00865380   UartSetBaudRate
00865400   ddr_param_read
00865480   evmI2CInit
00865500   nor_init
00865580   spi_cmd
00865600   spi_cmd_read
00865980   platform_delay
00865a40   xmc_setup
008661a0   _args_main
008661e0   platform_delaycycles
00866220   platform_uart_init
00866260   platform_uart_set_baudrate
00866360   __tdeh_init
00866380   _nop
008663a0   C$$EXIT
008663a0   abort
008663c0   __TI_decompress_none
008663e0   __TI_decompress_rle24
00866420   hwWbInvL1DInline
00866440   nandInit
00866460   spi_release
00866480   _stack
0086a480   __TI_STACK_END
0086a480   gDeviceNandBBlist
0086b6ac   gDeviceNand
0086b6e4   gDeviceNor
0086b71c   gDeviceEeprom0
0086b754   gDeviceEeprom1
0086b790   emac_port_mode
0086b7dc   _cleanup_ptr
0086b7e0   _dtors_ptr
0086b7e4   __TI_enable_exit_profile_output
0086b7e8   _lock
0086b7ec   _unlock
0086b7f0   __TI_STATIC_BASE
0086b7f0   platform_errno
0086b7f4   platform_init_return_code
0086b8b4   __TI_Handler_Table_Base
0086b8c0   __TI_Handler_Table_Limit
0086b8d4   __TI_CINIT_Base
0086b8f4   __TI_CINIT_Limit
0086ff00   init_config
ffffffff   __TI_pprof_out_hndl
ffffffff   __TI_prof_data_size
ffffffff   __TI_prof_data_start
ffffffff   __binit__
ffffffff   __c_args__
ffffffff   binit

[93 symbols]
